BROWSER CONSOLE: verbose [DOM] Input elements should have autocomplete attributes (suggested: "current-password"): (More info: https://goo.gl/9p2vKq) %o
BROWSER CONSOLE: error Failed to load resource: the server responded with a status of 404 (Not Found)
